// Jest Snapshot v1, https://goo.gl/fbAQLP

exports[`<Button /> Snapshots renders correctly 1`] = `
.emotion-0 {
  box-sizing: border-box;
  margin: 0;
  min-width: 0;
  position: relative;
  min-width: 48px;
  height: 40px;
  padding-left: 24px;
  padding-right: 24px;
  overflow: hidden;
  border: 1px solid currentColor;
  border-radius: full;
  -webkit-transition: standard;
  transition: standard;
  cursor: pointer;
  color: primary.container;
  background-color: primary.main;
  -webkit-transition: emphasized;
  transition: emphasized;
}

.emotion-0:hover::after {
  content: "";
  position: absolute;
  top: 0;
  left: 0;
  width: 100%;
  height: 100%;
  background-color: action.hover;
}

.emotion-0:focus::after {
  content: "";
  position: absolute;
  top: 0;
  left: 0;
  width: 100%;
  height: 100%;
  background-color: action.active;
}

.emotion-0:hover {
  box-shadow: sm;
}

.emotion-1 {
  box-sizing: border-box;
  margin: 0;
  min-width: 0;
  color: primary.onMain;
}

<div>
  <button
    class="emotion-0"
    type="button"
  >
    <span
      class="emotion-1"
    />
  </button>
</div>
`;
