// Jest Snapshot v1, https://goo.gl/fbAQLP

exports[`<Checkbox /> Snapshots should render correctly 1`] = `
.emotion-0 {
  box-sizing: border-box;
  margin: 0;
  min-width: 0;
  width: -webkit-min-content;
  width: -moz-min-content;
  width: min-content;
}

.emotion-1 {
  box-sizing: border-box;
  margin: 0;
  min-width: 0;
  display: -webkit-box;
  display: -webkit-flex;
  display: -ms-flexbox;
  display: flex;
  -webkit-align-items: center;
  -webkit-box-align: center;
  -ms-flex-align: center;
  align-items: center;
  gap: 12px;
}

.emotion-2 {
  box-sizing: border-box;
  margin: 0;
  min-width: 0;
  display: inline-block;
  cursor: pointer;
  vertical-align: top;
}

.emotion-3 {
  box-sizing: border-box;
  margin: 0;
  min-width: 0;
  border: 0;
  clip: rect(0 0 0 0);
  height: 1px;
  margin: -1px;
  overflow: hidden;
  padding: 0;
  position: absolute;
  white-space: nowrap;
  width: 1px;
}

.emotion-4 {
  box-sizing: border-box;
  margin: 0;
  min-width: 0;
  position: relative;
  display: inline-block;
  width: 18px;
  height: 18px;
  border: 2px solid;
  border-radius: 2px;
  -webkit-transition: standard;
  transition: standard;
  border-color: surface.onMain;
}

.emotion-5 {
  box-sizing: border-box;
  margin: 0;
  min-width: 0;
  fill: none;
  stroke-width: 3;
  visibility: hidden;
}

<div>
  <div
    class="emotion-0"
  >
    <label
      class="emotion-1"
    >
      <div
        class="emotion-2"
      >
        <input
          class="emotion-3"
          type="checkbox"
        />
        <div
          class="emotion-4"
        >
          <svg
            class="emotion-5"
            viewBox="0 0 24 24"
          >
            <polyline
              points="20 6 9 17 4 12"
            />
          </svg>
        </div>
      </div>
    </label>
  </div>
</div>
`;
