// Jest Snapshot v1, https://goo.gl/fbAQLP

exports[`<List /> Snapshots renders correctly 1`] = `
.emotion-0 {
  box-sizing: border-box;
  margin: 0;
  min-width: 0;
  padding-top: 8px;
  padding-bottom: 8px;
  display: -webkit-box;
  display: -webkit-flex;
  display: -ms-flexbox;
  display: flex;
  -webkit-flex-direction: column;
  -ms-flex-direction: column;
  flex-direction: column;
}

<div>
  <ul
    class="emotion-0"
  >
    <li>
      Foo
    </li>
    <li>
      Bar
    </li>
    <li>
      Baz
    </li>
  </ul>
</div>
`;
